// Jest Snapshot v1, https://goo.gl/fbAQLP

exports[`CreateItemTodo Should be able to render correct 1`] = `
<View
  style={
    Array [
      Object {
        "flexBasis": 0,
        "flexGrow": 1,
        "flexShrink": 1,
        "justifyContent": "center",
        "paddingBottom": 40,
        "paddingLeft": 40,
        "paddingRight": 40,
        "paddingTop": 40,
      },
    ]
  }
>
  <Text
    allowFontScaling={false}
    style={
      Array [
        Object {
          "color": undefined,
          "fontSize": 200,
        },
        Array [
          Object {
            "alignSelf": "center",
          },
        ],
        Object {
          "fontFamily": "Feather",
          "fontStyle": "normal",
          "fontWeight": "normal",
        },
        Object {},
      ]
    }
  >
    
  </Text>
  <Text
    style={
      Array [
        Object {
          "alignSelf": "center",
          "fontSize": 40,
        },
      ]
    }
  >
    Criar um Novo Item
  </Text>
  <View
    style={
      Object {
        "marginBottom": 10,
      }
    }
  >
    <View
      isErrored={false}
      isFocused={false}
      style={
        Array [
          Object {
            "alignItems": "center",
            "backgroundColor": "#FFA800",
            "borderRadius": 10,
            "flexDirection": "row",
            "height": 60,
            "justifyContent": "space-between",
            "paddingBottom": 0,
            "paddingLeft": 16,
            "paddingRight": 16,
            "paddingTop": 0,
            "width": "100%",
          },
        ]
      }
    >
      <TextInput
        allowFontScaling={true}
        keyboardAppearance="dark"
        onBlur={[Function]}
        onChangeText={[Function]}
        onFocus={[Function]}
        placeholder="Titulo"
        placeholderTextColor="rgba(0, 0, 0, 0.6)"
        rejectResponderTermination={true}
        underlineColorAndroid="transparent"
        value=""
      />
      <Text
        allowFontScaling={false}
        style={
          Array [
            Object {
              "color": "#666360",
              "fontSize": 20,
            },
            Array [
              Object {
                "marginRight": 16,
              },
            ],
            Object {
              "fontFamily": "Feather",
              "fontStyle": "normal",
              "fontWeight": "normal",
            },
            Object {},
          ]
        }
      >
        
      </Text>
    </View>
  </View>
  <View
    style={
      Object {
        "marginBottom": 10,
      }
    }
  >
    <View
      isErrored={false}
      isFocused={false}
      style={
        Array [
          Object {
            "alignItems": "center",
            "backgroundColor": "#FFA800",
            "borderRadius": 10,
            "flexDirection": "row",
            "height": 60,
            "justifyContent": "space-between",
            "paddingBottom": 0,
            "paddingLeft": 16,
            "paddingRight": 16,
            "paddingTop": 0,
            "width": "100%",
          },
        ]
      }
    >
      <TextInput
        allowFontScaling={true}
        keyboardAppearance="dark"
        onBlur={[Function]}
        onChangeText={[Function]}
        onFocus={[Function]}
        placeholder="Descrição"
        placeholderTextColor="rgba(0, 0, 0, 0.6)"
        rejectResponderTermination={true}
        underlineColorAndroid="transparent"
        value=""
      />
      <Text
        allowFontScaling={false}
        style={
          Array [
            Object {
              "color": "#666360",
              "fontSize": 20,
            },
            Array [
              Object {
                "marginRight": 16,
              },
            ],
            Object {
              "fontFamily": "Feather",
              "fontStyle": "normal",
              "fontWeight": "normal",
            },
            Object {},
          ]
        }
      >
        
      </Text>
    </View>
  </View>
  <View
    accessible={true}
    focusable={true}
    onClick={[Function]}
    onResponderGrant={[Function]}
    onResponderMove={[Function]}
    onResponderRelease={[Function]}
    onResponderTerminate={[Function]}
    onResponderTerminationRequest={[Function]}
    onStartShouldSetResponder={[Function]}
    style={
      Object {
        "alignItems": "center",
        "backgroundColor": "#1F1C1C",
        "borderRadius": 5,
        "justifyContent": "center",
        "minWidth": 96,
        "opacity": 1,
        "paddingBottom": 10,
        "paddingLeft": 10,
        "paddingRight": 10,
        "paddingTop": 10,
      }
    }
  >
    <Text
      style={
        Array [
          Object {
            "color": "#fff",
            "fontSize": 14,
            "letterSpacing": 1.25,
            "lineHeight": 16,
          },
        ]
      }
    >
      Criar novo item
    </Text>
  </View>
</View>
`;
